﻿
> build
> tsc && vite build

[36mvite v8.0.11 [32mbuilding client environment for production...[36m[39m
[2K
transforming...Γ£ô 2816 modules transformed.
node.exe : [31mΓ£ù[39m Build failed in 681ms
At line:1 char:1
+ & "C:\Program Files\nodejs/node.exe" "C:\Program Files\nodejs/node_mo ...
+ ~~~~~~~~~~~~~~~~~~~~~~~~~~~~~~~~~~~~~~~~~~~~~~~~~~~~~~~~~~~~~~~~~~~~~
    + CategoryInfo          : NotSpecified: ([31mΓ£ù[39m Build failed in 681ms:String) [], RemoteException
    + FullyQualifiedErrorId : NativeCommandError
 
[31merror during build:
[31mBuild failed with 1 error:

[plugin @tailwindcss/vite:generate:build] C:/Users/hp/Desktop/personal website/src/styles/syncfusion.css
Error: Can't resolve '@syncfusion/ej2-charts/styles/material-dark.css' in 'C:\Users\hp\Desktop\personal 
website\src\styles'
    at finishWithoutResolve (C:\Users\hp\Desktop\personal website\node_modules\enhanced-resolve\lib\Resolver.js:942:18)
    at C:\Users\hp\Desktop\personal website\node_modules\enhanced-resolve\lib\Resolver.js:1034:14
    at C:\Users\hp\Desktop\personal website\node_modules\enhanced-resolve\lib\Resolver.js:1111:5
    at eval (eval at create (C:\Users\hp\Desktop\personal website\node_modules\tapable\lib\HookCodeFactory.js:31:10), 
<anonymous>:15:1)
    at C:\Users\hp\Desktop\personal website\node_modules\enhanced-resolve\lib\Resolver.js:1111:5
    at eval (eval at create (C:\Users\hp\Desktop\personal website\node_modules\tapable\lib\HookCodeFactory.js:31:10), 
<anonymous>:27:1)
    at C:\Users\hp\Desktop\personal website\node_modules\enhanced-resolve\lib\DescriptionFilePlugin.js:94:43
    at C:\Users\hp\Desktop\personal website\node_modules\enhanced-resolve\lib\Resolver.js:1111:5
    at eval (eval at create (C:\Users\hp\Desktop\personal website\node_modules\tapable\lib\HookCodeFactory.js:31:10), 
<anonymous>:15:1)
    at C:\Users\hp\Desktop\personal website\node_modules\enhanced-resolve\lib\Resolver.js:1111:5[31m
    at aggregateBindingErrorsIntoJsError 
(file:///C:/Users/hp/Desktop/personal%20website/node_modules/rolldown/dist/shared/error-D4ASW9r2.mjs:48:18)
    at unwrapBindingResult 
(file:///C:/Users/hp/Desktop/personal%20website/node_modules/rolldown/dist/shared/error-D4ASW9r2.mjs:18:128)
    at #build 
(file:///C:/Users/hp/Desktop/personal%20website/node_modules/rolldown/dist/shared/rolldown-build-CorVA9v1.mjs:3255:34)
    at async buildEnvironment 
(file:///C:/Users/hp/Desktop/personal%20website/node_modules/vite/dist/node/chunks/node.js:33033:64)
    at async Object.build 
(file:///C:/Users/hp/Desktop/personal%20website/node_modules/vite/dist/node/chunks/node.js:33455:19)
    at async Object.buildApp 
(file:///C:/Users/hp/Desktop/personal%20website/node_modules/vite/dist/node/chunks/node.js:33452:153)
    at async CAC.<anonymous> (file:///C:/Users/hp/Desktop/personal%20website/node_modules/vite/dist/node/cli.js:778:3) 
{
  errors: [Getter/Setter]
}[39m
